// Jest Snapshot v1, https://goo.gl/fbAQLP

exports[`openapi-typescript GenerateTypings given an empty openapi schema should match snapshot 1`] = `""`;

exports[`openapi-typescript GenerateTypings given the Petstore Expanded schema should match snapshot 1`] = `
"export type Pet = NewPet & {
  id: number;
  [k: string]: any;
};

export interface NewPet {
  name: string;
  tag?: string;
  [k: string]: any;
}

export interface Error {
  code: number;
  message: string;
  [k: string]: any;
}

export type FindPetsResult = (Pet)[];

export type FindPetsFallback = Error;

export interface FindPetsRequest {
  tags: string[]
  limit: integer
}
export type AddPetResult = Pet;

export type AddPetFallback = Error;

export type FindPetByIdResult = Pet;

export type FindPetByIdFallback = Error;

export interface FindPetByIdRequest {
  id: integer
}
export interface DeletePetResult { /* unknown */ }
export type DeletePetFallback = Error;

export interface DeletePetRequest {
  id: integer
}"
`;

exports[`openapi-typescript GenerateTypings given the Petstore schema should match snapshot 1`] = `
"export interface Pet {
  id: number;
  name: string;
  tag?: string;
  [k: string]: any;
}

export type Pets = (Pet)[];

export interface Error {
  code: number;
  message: string;
  [k: string]: any;
}

export type ListPetsResult = Pets;

export type ListPetsFallback = Error;

export interface ListPetsRequest {
  limit: integer
}
export interface CreatePetsResult { /* unknown */ }
export type CreatePetsFallback = Error;

export type ShowPetByIdResult = Pets;

export interface ShowPetById204 { /* unknown */ }
export type ShowPetByIdFallback = Error;

export interface ShowPetByIdRequest {
  petId: string
}"
`;
